                                      1 ;--------------------------------------------------------
                                      2 ; File Created by SDCC : free open source ISO C Compiler
                                      3 ; Version 4.5.0 #15242 (Linux)
                                      4 ;--------------------------------------------------------
                                      5 	.module repete
                                      6 	
                                      7 	.optsdcc -mz80 sdcccall(1)
                                      8 ;--------------------------------------------------------
                                      9 ; Public variables in this module
                                     10 ;--------------------------------------------------------
                                     11 	.globl _main
                                     12 	.globl _WaitKey
                                     13 	.globl _Width
                                     14 	.globl _Screen
                                     15 	.globl _Cls
                                     16 	.globl _Print
                                     17 ;--------------------------------------------------------
                                     18 ; special function registers
                                     19 ;--------------------------------------------------------
                                     20 ;--------------------------------------------------------
                                     21 ; ram data
                                     22 ;--------------------------------------------------------
                                     23 	.area _DATA
                                     24 ;--------------------------------------------------------
                                     25 ; ram data
                                     26 ;--------------------------------------------------------
                                     27 	.area _INITIALIZED
                                     28 ;--------------------------------------------------------
                                     29 ; absolute external ram data
                                     30 ;--------------------------------------------------------
                                     31 	.area _DABS (ABS)
                                     32 ;--------------------------------------------------------
                                     33 ; global & static initialisations
                                     34 ;--------------------------------------------------------
                                     35 	.area _HOME
                                     36 	.area _GSINIT
                                     37 	.area _GSFINAL
                                     38 	.area _GSINIT
                                     39 ;--------------------------------------------------------
                                     40 ; Home
                                     41 ;--------------------------------------------------------
                                     42 	.area _HOME
                                     43 	.area _HOME
                                     44 ;--------------------------------------------------------
                                     45 ; code
                                     46 ;--------------------------------------------------------
                                     47 	.area _CODE
                                     48 ;repete.c:20: void main(void) 
                                     49 ;	---------------------------------
                                     50 ; Function main
                                     51 ; ---------------------------------
    00000000                         52 _main::
    00000000 CDr00r00         [17]   53 	call	___sdcc_enter_ix
    00000003 21 85 FF         [10]   54 	ld	hl, #-123
    00000006 39               [11]   55 	add	hl, sp
    00000007 F9               [ 6]   56 	ld	sp, hl
                                     57 ;repete.c:25: Screen(0);
    00000008 AF               [ 4]   58 	xor	a, a
    00000009 CDr00r00         [17]   59 	call	_Screen
                                     60 ;repete.c:26: Width(40);
    0000000C 3E 28            [ 7]   61 	ld	a, #0x28
    0000000E CDr00r00         [17]   62 	call	_Width
                                     63 ;repete.c:27: Cls();
    00000011 CDr00r00         [17]   64 	call	_Cls
                                     65 ;repete.c:30: strcpy(meuEndereco.rua, "Av. Paulista");
    00000014 21 00 00         [10]   66 	ld	hl, #0
    00000017 39               [11]   67 	add	hl, sp
    00000018 EB               [ 4]   68 	ex	de, hl
    00000019 21r06r01         [10]   69 	ld	hl, #___str_0
    0000001C AF               [ 4]   70 	xor	a, a
    0000001D                         71 00103$:
    0000001D BE               [ 7]   72 	cp	a, (hl)
    0000001E ED A0            [16]   73 	ldi
    00000020 20 FB            [12]   74 	jr	NZ, 00103$
                                     75 ;repete.c:31: strcpy(meuEndereco.numero, "1578");
    00000022 21 32 00         [10]   76 	ld	hl, #50
    00000025 39               [11]   77 	add	hl, sp
    00000026 EB               [ 4]   78 	ex	de, hl
    00000027 21r13r01         [10]   79 	ld	hl, #___str_1
    0000002A AF               [ 4]   80 	xor	a, a
    0000002B                         81 00104$:
    0000002B BE               [ 7]   82 	cp	a, (hl)
    0000002C ED A0            [16]   83 	ldi
    0000002E 20 FB            [12]   84 	jr	NZ, 00104$
                                     85 ;repete.c:32: strcpy(meuEndereco.cidade, "Sao Paulo");
    00000030 21 3C 00         [10]   86 	ld	hl, #60
    00000033 39               [11]   87 	add	hl, sp
    00000034 EB               [ 4]   88 	ex	de, hl
    00000035 21r18r01         [10]   89 	ld	hl, #___str_2
    00000038 AF               [ 4]   90 	xor	a, a
    00000039                         91 00105$:
    00000039 BE               [ 7]   92 	cp	a, (hl)
    0000003A ED A0            [16]   93 	ldi
    0000003C 20 FB            [12]   94 	jr	NZ, 00105$
                                     95 ;repete.c:33: strcpy(meuEndereco.estado, "SP");
    0000003E 21 6E 00         [10]   96 	ld	hl, #110
    00000041 39               [11]   97 	add	hl, sp
    00000042 EB               [ 4]   98 	ex	de, hl
    00000043 21r22r01         [10]   99 	ld	hl, #___str_3
    00000046 AF               [ 4]  100 	xor	a, a
    00000047                        101 00106$:
    00000047 BE               [ 7]  102 	cp	a, (hl)
    00000048 ED A0            [16]  103 	ldi
    0000004A 20 FB            [12]  104 	jr	NZ, 00106$
                                    105 ;repete.c:34: strcpy(meuEndereco.cep, "01310-200");
    0000004C 21 71 00         [10]  106 	ld	hl, #113
    0000004F 39               [11]  107 	add	hl, sp
    00000050 EB               [ 4]  108 	ex	de, hl
    00000051 21r25r01         [10]  109 	ld	hl, #___str_4
    00000054 AF               [ 4]  110 	xor	a, a
    00000055                        111 00107$:
    00000055 BE               [ 7]  112 	cp	a, (hl)
    00000056 ED A0            [16]  113 	ldi
    00000058 20 FB            [12]  114 	jr	NZ, 00107$
                                    115 ;repete.c:37: Print("Endereco\n");
    0000005A 21r2Fr01         [10]  116 	ld	hl, #___str_5
    0000005D CDr00r00         [17]  117 	call	_Print
                                    118 ;repete.c:38: Print("==================================\n");
    00000060 21r39r01         [10]  119 	ld	hl, #___str_6
    00000063 CDr00r00         [17]  120 	call	_Print
                                    121 ;repete.c:39: Print("Rua: ");
    00000066 21r5Dr01         [10]  122 	ld	hl, #___str_7
    00000069 CDr00r00         [17]  123 	call	_Print
                                    124 ;repete.c:40: Print(meuEndereco.rua);
    0000006C 21 00 00         [10]  125 	ld	hl, #0
    0000006F 39               [11]  126 	add	hl, sp
    00000070 CDr00r00         [17]  127 	call	_Print
                                    128 ;repete.c:41: Print("\n");
    00000073 21r63r01         [10]  129 	ld	hl, #___str_8
    00000076 CDr00r00         [17]  130 	call	_Print
                                    131 ;repete.c:42: Print("Numero: ");
    00000079 21r65r01         [10]  132 	ld	hl, #___str_9
    0000007C CDr00r00         [17]  133 	call	_Print
                                    134 ;repete.c:43: Print(meuEndereco.numero);
    0000007F 21 32 00         [10]  135 	ld	hl, #50
    00000082 39               [11]  136 	add	hl, sp
    00000083 CDr00r00         [17]  137 	call	_Print
                                    138 ;repete.c:44: Print("\n");
    00000086 21r63r01         [10]  139 	ld	hl, #___str_8
    00000089 CDr00r00         [17]  140 	call	_Print
                                    141 ;repete.c:45: Print("Cidade: ");
    0000008C 21r6Er01         [10]  142 	ld	hl, #___str_10
    0000008F CDr00r00         [17]  143 	call	_Print
                                    144 ;repete.c:46: Print(meuEndereco.cidade);
    00000092 21 3C 00         [10]  145 	ld	hl, #60
    00000095 39               [11]  146 	add	hl, sp
    00000096 CDr00r00         [17]  147 	call	_Print
                                    148 ;repete.c:47: Print("\n");
    00000099 21r63r01         [10]  149 	ld	hl, #___str_8
    0000009C CDr00r00         [17]  150 	call	_Print
                                    151 ;repete.c:48: Print("Estado: ");
    0000009F 21r77r01         [10]  152 	ld	hl, #___str_11
    000000A2 CDr00r00         [17]  153 	call	_Print
                                    154 ;repete.c:49: Print(meuEndereco.estado);
    000000A5 21 6E 00         [10]  155 	ld	hl, #110
    000000A8 39               [11]  156 	add	hl, sp
    000000A9 CDr00r00         [17]  157 	call	_Print
                                    158 ;repete.c:50: Print("\n");
    000000AC 21r63r01         [10]  159 	ld	hl, #___str_8
    000000AF CDr00r00         [17]  160 	call	_Print
                                    161 ;repete.c:51: Print("CEP: ");
    000000B2 21r80r01         [10]  162 	ld	hl, #___str_12
    000000B5 CDr00r00         [17]  163 	call	_Print
                                    164 ;repete.c:52: Print(meuEndereco.cep);
    000000B8 21 71 00         [10]  165 	ld	hl, #113
    000000BB 39               [11]  166 	add	hl, sp
    000000BC CDr00r00         [17]  167 	call	_Print
                                    168 ;repete.c:53: Print("\n");
    000000BF 21r63r01         [10]  169 	ld	hl, #___str_8
    000000C2 CDr00r00         [17]  170 	call	_Print
                                    171 ;repete.c:54: Print("==================================\n");
    000000C5 21r39r01         [10]  172 	ld	hl, #___str_6
    000000C8 CDr00r00         [17]  173 	call	_Print
                                    174 ;repete.c:57: Print("\nPressione qualquer tecla...");
    000000CB 21r86r01         [10]  175 	ld	hl, #___str_13
    000000CE CDr00r00         [17]  176 	call	_Print
                                    177 ;repete.c:58: WaitKey();
    000000D1 CDr00r00         [17]  178 	call	_WaitKey
                                    179 ;repete.c:59: }
    000000D4 DD F9            [10]  180 	ld	sp, ix
    000000D6 DD E1            [14]  181 	pop	ix
    000000D8 C9               [10]  182 	ret
    000000D9                        183 _Done_Version_tag:
    000000D9 4D 61 64 65 20 77 69   184 	.ascii "Made with FUSION-C 1.3 R21010 (c)EBSOFT:2021"
             74 68 20 46 55 53 49
             4F 4E 2D 43 20 31 2E
             33 20 52 32 31 30 31
             30 20 28 63 29 45 42
             53 4F 46 54 3A 32 30
             32 31
    00000105 00                     185 	.db 0x00
    00000106                        186 ___str_0:
    00000106 41 76 2E 20 50 61 75   187 	.ascii "Av. Paulista"
             6C 69 73 74 61
    00000112 00                     188 	.db 0x00
    00000113                        189 ___str_1:
    00000113 31 35 37 38            190 	.ascii "1578"
    00000117 00                     191 	.db 0x00
    00000118                        192 ___str_2:
    00000118 53 61 6F 20 50 61 75   193 	.ascii "Sao Paulo"
             6C 6F
    00000121 00                     194 	.db 0x00
    00000122                        195 ___str_3:
    00000122 53 50                  196 	.ascii "SP"
    00000124 00                     197 	.db 0x00
    00000125                        198 ___str_4:
    00000125 30 31 33 31 30 2D 32   199 	.ascii "01310-200"
             30 30
    0000012E 00                     200 	.db 0x00
    0000012F                        201 ___str_5:
    0000012F 45 6E 64 65 72 65 63   202 	.ascii "Endereco"
             6F
    00000137 0A                     203 	.db 0x0a
    00000138 00                     204 	.db 0x00
    00000139                        205 ___str_6:
    00000139 3D 3D 3D 3D 3D 3D 3D   206 	.ascii "=================================="
             3D 3D 3D 3D 3D 3D 3D
             3D 3D 3D 3D 3D 3D 3D
             3D 3D 3D 3D 3D 3D 3D
             3D 3D 3D 3D 3D 3D
    0000015B 0A                     207 	.db 0x0a
    0000015C 00                     208 	.db 0x00
    0000015D                        209 ___str_7:
    0000015D 52 75 61 3A 20         210 	.ascii "Rua: "
    00000162 00                     211 	.db 0x00
    00000163                        212 ___str_8:
    00000163 0A                     213 	.db 0x0a
    00000164 00                     214 	.db 0x00
    00000165                        215 ___str_9:
    00000165 4E 75 6D 65 72 6F 3A   216 	.ascii "Numero: "
             20
    0000016D 00                     217 	.db 0x00
    0000016E                        218 ___str_10:
    0000016E 43 69 64 61 64 65 3A   219 	.ascii "Cidade: "
             20
    00000176 00                     220 	.db 0x00
    00000177                        221 ___str_11:
    00000177 45 73 74 61 64 6F 3A   222 	.ascii "Estado: "
             20
    0000017F 00                     223 	.db 0x00
    00000180                        224 ___str_12:
    00000180 43 45 50 3A 20         225 	.ascii "CEP: "
    00000185 00                     226 	.db 0x00
    00000186                        227 ___str_13:
    00000186 0A                     228 	.db 0x0a
    00000187 50 72 65 73 73 69 6F   229 	.ascii "Pressione qualquer tecla..."
             6E 65 20 71 75 61 6C
             71 75 65 72 20 74 65
             63 6C 61 2E 2E 2E
    000001A2 00                     230 	.db 0x00
                                    231 	.area _CODE
                                    232 	.area _INITIALIZER
                                    233 	.area _CABS (ABS)
