ASxxxx Linker V03.00/V05.40 + sdld,  page 1.
Hexadecimal  [32-Bits]

Area                                    Addr        Size        Decimal Bytes (Attributes)
--------------------------------        ----        ----        ------- ----- ------------
.  .ABS.                            00000000    00000000 =           0. bytes (ABS,CON)

      Value  Global                              Global Defined In Module
      -----  --------------------------------   ------------------------
     00000000  .__.ABS.                           
     00000000  l__CABS                         
     00000000  l__DABS                         
     00000000  l__HEADER                       
     00000000  l__HEAP                         
     00000000  l__HOME                         
     00000000  s__CABS                         
     00000000  s__DABS                         
     00000000  s__HEADER                       
     00000000  s__HEADER0                      
     00000001  l__GSFINAL                      
     00000002  l__INITIALIZER                  
     00000004  l__INITIALIZED                  
     00000006  l__HEADER0                      
     0000000F  l__GSINIT                       
     00000106  s__CODE                         
     00000402  l__CODE                         
     00000508  s__DATA                         
     000005E3  l__DATA                         
     00000AEB  s__INITIALIZED                  
     00000AEF  s__GSINIT                       
     00000AEF  s__HOME                         
     00000AFE  s__GSFINAL                      
     00000AFF  s__INITIALIZER                  
     00000B01  s__HEAP                         

ASxxxx Linker V03.00/V05.40 + sdld,  page 2.
Hexadecimal  [32-Bits]

Area                                    Addr        Size        Decimal Bytes (Attributes)
--------------------------------        ----        ----        ------- ----- ------------
_CODE                               00000106    00000402 =        1026. bytes (REL,CON)

      Value  Global                              Global Defined In Module
      -----  --------------------------------   ------------------------
     00000106  _ReceberAluno                      repete
     00000152  _GravarAluno                       repete
     00000183  _main                              repete
     00000321  _Cls                               
     00000332  _WaitKey                           
     00000346  _Width                             width
     0000037C  _InputString                       
     000003F5  _Print                             print
     0000041F  ___sdcc_enter_ix                   
     00000429  _PrintDec                          
     000004B8  _Screen                            
     000004E4  _PrintChar                         
     000004F6  _bchput                            

ASxxxx Linker V03.00/V05.40 + sdld,  page 3.
Hexadecimal  [32-Bits]

Area                                    Addr        Size        Decimal Bytes (Attributes)
--------------------------------        ----        ----        ------- ----- ------------
_DATA                               00000508    000005E3 =        1507. bytes (REL,CON)

      Value  Global                              Global Defined In Module
      -----  --------------------------------   ------------------------
     00000508  _alunos                            repete

ASxxxx Linker V03.00/V05.40 + sdld,  page 4.
Hexadecimal  [32-Bits]

Area                                    Addr        Size        Decimal Bytes (Attributes)
--------------------------------        ----        ----        ------- ----- ------------
_INITIALIZED                        00000AEB    00000004 =           4. bytes (REL,CON)

      Value  Global                              Global Defined In Module
      -----  --------------------------------   ------------------------
     00000AEB  _totalAlunos                       repete
     00000AED  _heap_top                          

ASxxxx Linker V03.00/V05.40 + sdld,  page 5.
Hexadecimal  [32-Bits]

Area                                    Addr        Size        Decimal Bytes (Attributes)
--------------------------------        ----        ----        ------- ----- ------------
_GSINIT                             00000AEF    0000000F =          15. bytes (REL,CON)

      Value  Global                              Global Defined In Module
      -----  --------------------------------   ------------------------
ASxxxx Linker V03.00/V05.40 + sdld,  page 6.
Hexadecimal  [32-Bits]

Area                                    Addr        Size        Decimal Bytes (Attributes)
--------------------------------        ----        ----        ------- ----- ------------
_GSFINAL                            00000AFE    00000001 =           1. bytes (REL,CON)

      Value  Global                              Global Defined In Module
      -----  --------------------------------   ------------------------
ASxxxx Linker V03.00/V05.40 + sdld,  page 7.
Hexadecimal  [32-Bits]

Area                                    Addr        Size        Decimal Bytes (Attributes)
--------------------------------        ----        ----        ------- ----- ------------
_INITIALIZER                        00000AFF    00000002 =           2. bytes (REL,CON)

      Value  Global                              Global Defined In Module
      -----  --------------------------------   ------------------------
ASxxxx Linker V03.00/V05.40 + sdld,  page 8.
Hexadecimal  [32-Bits]

Area                                    Addr        Size        Decimal Bytes (Attributes)
--------------------------------        ----        ----        ------- ----- ------------
_HEADER0                            00000000    00000006 =           6. bytes (ABS,CON)

      Value  Global                              Global Defined In Module
      -----  --------------------------------   ------------------------
ASxxxx Linker V03.00/V05.40 + sdld,  page 9.
Hexadecimal  [32-Bits]

Area                                    Addr        Size        Decimal Bytes (Attributes)
--------------------------------        ----        ----        ------- ----- ------------
_HEAP                               00000B01    00000000 =           0. bytes (REL,CON)

      Value  Global                              Global Defined In Module
      -----  --------------------------------   ------------------------
     00000B01  _HEAP_start                        

ASxxxx Linker V03.00/V05.40 + sdld,  page 10.

Files Linked                              [ module(s) ]

repete.rel                                [ repete ]
/home/tbytecreator/dev/tbytecreator/Algoritimos/REPETE/fusion-c/include/crt0_msxdos.rel
                                          [  ]


Libraries Linked                          [ object file ]

/home/tbytecreator/dev/tbytecreator/Algoritimos/REPETE/fusion-c/lib/fusion.lib
                                          [ cls.rel ]
/home/tbytecreator/dev/tbytecreator/Algoritimos/REPETE/fusion-c/lib/fusion.lib
                                          [ waitkey.rel ]
/home/tbytecreator/dev/tbytecreator/Algoritimos/REPETE/fusion-c/lib/fusion.lib
                                          [ width.rel ]
/home/tbytecreator/dev/tbytecreator/Algoritimos/REPETE/fusion-c/lib/fusion.lib
                                          [ inputstring.rel ]
/home/tbytecreator/dev/tbytecreator/Algoritimos/REPETE/fusion-c/lib/fusion.lib
                                          [ print.rel ]
/usr/bin/../share/sdcc/lib/z80/z80.lib    [ crtenter.rel ]
/home/tbytecreator/dev/tbytecreator/Algoritimos/REPETE/fusion-c/lib/fusion.lib
                                          [ printdec.rel ]
/home/tbytecreator/dev/tbytecreator/Algoritimos/REPETE/fusion-c/lib/fusion.lib
                                          [ screen.rel ]
/home/tbytecreator/dev/tbytecreator/Algoritimos/REPETE/fusion-c/lib/fusion.lib
                                          [ printchar.rel ]

ASxxxx Linker V03.00/V05.40 + sdld,  page 11.

User Base Address Definitions

_CODE = 0x0106
_DATA = 0x0000

