ASxxxx Linker V03.00/V05.40 + sdld,  page 1.
Hexadecimal  [32-Bits]

Area                                    Addr        Size        Decimal Bytes (Attributes)
--------------------------------        ----        ----        ------- ----- ------------
.  .ABS.                            00000000    00000000 =           0. bytes (ABS,CON)

      Value  Global                              Global Defined In Module
      -----  --------------------------------   ------------------------
     00000000  .__.ABS.                           
     00000000  l__CABS                         
     00000000  l__DABS                         
     00000000  l__DATA                         
     00000000  l__HEADER                       
     00000000  l__HEAP                         
     00000000  l__HOME                         
     00000000  l__INITIALIZER                  
     00000000  s__CABS                         
     00000000  s__DABS                         
     00000000  s__HEADER                       
     00000000  s__HEADER0                      
     00000001  l__GSFINAL                      
     00000002  l__INITIALIZED                  
     00000006  l__HEADER0                      
     0000000F  l__GSINIT                       
     00000106  s__CODE                         
     0000028D  l__CODE                         
     00000393  s__DATA                         
     00000393  s__INITIALIZED                  
     00000395  s__GSINIT                       
     00000395  s__HOME                         
     000003A4  s__GSFINAL                      
     000003A5  s__HEAP                         
     000003A5  s__INITIALIZER                  

ASxxxx Linker V03.00/V05.40 + sdld,  page 2.
Hexadecimal  [32-Bits]

Area                                    Addr        Size        Decimal Bytes (Attributes)
--------------------------------        ----        ----        ------- ----- ------------
_CODE                               00000106    0000028D =         653. bytes (REL,CON)

      Value  Global                              Global Defined In Module
      -----  --------------------------------   ------------------------
     00000106  _main                              repete
     000002B4  _Cls                               
     000002C5  _WaitKey                           
     000002D9  _Width                             width
     0000030F  _Print                             print
     00000339  ___sdcc_enter_ix                   
     00000343  _Screen                            
     0000036F  _PrintChar                         
     00000381  _bchput                            
ASxxxx Linker V03.00/V05.40 + sdld,  page 3.
Hexadecimal  [32-Bits]

Area                                    Addr        Size        Decimal Bytes (Attributes)
--------------------------------        ----        ----        ------- ----- ------------
_INITIALIZED                        00000393    00000002 =           2. bytes (REL,CON)

      Value  Global                              Global Defined In Module
      -----  --------------------------------   ------------------------
     00000393  _heap_top                          

ASxxxx Linker V03.00/V05.40 + sdld,  page 4.
Hexadecimal  [32-Bits]

Area                                    Addr        Size        Decimal Bytes (Attributes)
--------------------------------        ----        ----        ------- ----- ------------
_GSINIT                             00000395    0000000F =          15. bytes (REL,CON)

      Value  Global                              Global Defined In Module
      -----  --------------------------------   ------------------------
ASxxxx Linker V03.00/V05.40 + sdld,  page 5.
Hexadecimal  [32-Bits]

Area                                    Addr        Size        Decimal Bytes (Attributes)
--------------------------------        ----        ----        ------- ----- ------------
_GSFINAL                            000003A4    00000001 =           1. bytes (REL,CON)

      Value  Global                              Global Defined In Module
      -----  --------------------------------   ------------------------
ASxxxx Linker V03.00/V05.40 + sdld,  page 6.
Hexadecimal  [32-Bits]

Area                                    Addr        Size        Decimal Bytes (Attributes)
--------------------------------        ----        ----        ------- ----- ------------
_HEADER0                            00000000    00000006 =           6. bytes (ABS,CON)

      Value  Global                              Global Defined In Module
      -----  --------------------------------   ------------------------
ASxxxx Linker V03.00/V05.40 + sdld,  page 7.
Hexadecimal  [32-Bits]

Area                                    Addr        Size        Decimal Bytes (Attributes)
--------------------------------        ----        ----        ------- ----- ------------
_HEAP                               000003A5    00000000 =           0. bytes (REL,CON)

      Value  Global                              Global Defined In Module
      -----  --------------------------------   ------------------------
     000003A5  _HEAP_start                        

ASxxxx Linker V03.00/V05.40 + sdld,  page 8.

Files Linked                              [ module(s) ]

repete.rel                                [ repete ]
/home/tbytecreator/dev/tbytecreator/Algoritimos/REPETE/fusion-c/include/crt0_msxdos.rel
                                          [  ]


Libraries Linked                          [ object file ]

/home/tbytecreator/dev/tbytecreator/Algoritimos/REPETE/fusion-c/lib/fusion.lib
                                          [ cls.rel ]
/home/tbytecreator/dev/tbytecreator/Algoritimos/REPETE/fusion-c/lib/fusion.lib
                                          [ waitkey.rel ]
/home/tbytecreator/dev/tbytecreator/Algoritimos/REPETE/fusion-c/lib/fusion.lib
                                          [ width.rel ]
/home/tbytecreator/dev/tbytecreator/Algoritimos/REPETE/fusion-c/lib/fusion.lib
                                          [ print.rel ]
/usr/bin/../share/sdcc/lib/z80/z80.lib    [ crtenter.rel ]
/home/tbytecreator/dev/tbytecreator/Algoritimos/REPETE/fusion-c/lib/fusion.lib
                                          [ screen.rel ]
/home/tbytecreator/dev/tbytecreator/Algoritimos/REPETE/fusion-c/lib/fusion.lib
                                          [ printchar.rel ]

ASxxxx Linker V03.00/V05.40 + sdld,  page 9.

User Base Address Definitions

_CODE = 0x0106
_DATA = 0x0000

